interactions:
- request:
    body: '{"email": "<secret-value>", "password": "<secret-value>"}'
    headers:
      Accept: [application/json]
      Accept-Encoding: ['gzip,deflate']
      Connection: [keep-alive]
      Content-Length: ['72']
      Content-Type: [application/json]
      User-Agent: [python-requests/2.13.0]
    method: POST
    uri: https://admin.pubnub.com/api/me
  response:
    body: {string: '{"result":{"status":1,"modified":1490846037,"user_roles":{"is_internal_operator":false,"roles":{},"is_internal_admin":false,"is_internal_viewer":false},"token":"<secret-value>","storage":null,"expires":1490847837,"role":"user","created":1490846035,"user":{"created":1355415945,"email":"<secret-value>","login_attempts":0,"properties":{"acct_type":null,"xsite_google:oauth_token_secret":"<secret-value>","first":"<secret-value>","customer_use_case":"User
        dismissed.","xsite_google:id":"<secret-value>","twitter":"<secret-value>","xsite_google:oauth_token":"<secret-value>","premium_sla":"False","phone":"<secret-value>","customer_recommendation_vote":null,"last":"<secret-value>"},"status":1,"login_attempts_last":null,"modified":1486733764,"id":214382},"user_id":214382}}'}
    headers:
      Cache-control: ['no-cache, no-store', no-cache="set-cookie"]
      Connection: [keep-alive]
      Content-Type: [application/json]
      Date: ['Wed, 29 Mar 2017 20:54:00 GMT']
      Expires: ['-1']
      Pragma: [no-cache]
      content-length: ['1105']
    status: {code: 200, message: OK}
- request:
    body: null
    headers:
      Accept: [application/json]
      Accept-Encoding: ['gzip,deflate']
      Connection: [keep-alive]
      User-Agent: [python-requests/2.13.0]
      X-Session-Token: [<secret-header>]
    method: GET
    uri: https://admin.pubnub.com/api/accounts?user_id=214382
  response:
    body: {string: '{"result":{"accounts":[{"created":1355415945,"modified":null,"owner_id":214382,"dates":{"company":{"created":1490820841,"modified":null}},"properties":{"company":"home"},"id":214382,"protected":0}],"permissions":{}}}'}
    headers:
      Cache-Control: ['no-cache, no-store', no-cache="set-cookie"]
      Cache-control: ['no-cache, no-store', no-cache="set-cookie"]
      Connection: [keep-alive]
      Content-Length: ['406']
      Content-Type: [application/json]
      Date: ['Wed, 29 Mar 2017 20:54:01 GMT']
      Expires: ['-1']
      Pragma: [no-cache]
    status: {code: 200, message: OK}
- request:
    body: null
    headers:
      Accept: [application/json]
      Accept-Encoding: ['gzip,deflate']
      Connection: [keep-alive]
      User-Agent: [python-requests/2.13.0]
      X-Session-Token: [<secret-header>]
    method: GET
    uri: https://admin.pubnub.com/api/apps?owner_id=214382
  response:
    body: {string: '{"total":1,"result":[{"created":null,"modified":1484084657,"status":1,"owner_id":214382,"name":"Ansible-Block-Module","dates":{"stats_channel":{"created":1484081129,"modified":null}},"properties":{"stats_channel":"GYFzL6xXXcUDAP81ICyP"},"id":349017,"keys":[{"subscribe_key":"<secret-value>","modified":1484052329,"dates":{"blocks":{"created":1484081157,"modified":null},"presence_deltas":{"created":1490136156,"modified":null},"wildcardsubscribe":{"created":1488915405,"modified":null},"realtime_analytics_channel":{"created":1484081129,"modified":null},"presence":{"created":1490136156,"modified":null},"name":{"created":1484081129,"modified":1484081145},"channelgroup_index_disable":{"created":1484081145,"modified":null},"bill_by_uuid":{"created":1484081129,"modified":null},"multiplexing":{"created":1488915405,"modified":null}},"publish_key":"<secret-value>","properties":{"blocks":1,"presence_deltas":1,"wildcardsubscribe":1,"realtime_analytics_channel":"62BkXcCI5WIt9fXLAoLm","presence":1,"name":"Travis-CI","channelgroup_index_disable":1,"bill_by_uuid":1,"multiplexing":1},"secret_key":"<secret-value>","created":1484052329,"id":246021,"status":1,"expires":null,"product_id":12,"app_id":349017}]}]}'}
    headers:
      Cache-control: ['no-cache, no-store', no-cache="set-cookie"]
      Connection: [keep-alive]
      Content-Type: [application/json]
      Date: ['Wed, 29 Mar 2017 20:54:02 GMT']
      Expires: ['-1']
      Pragma: [no-cache]
      content-length: ['2311']
    status: {code: 200, message: OK}
- request:
    body: null
    headers:
      Accept: [application/json]
      Accept-Encoding: ['gzip,deflate']
      Connection: [keep-alive]
      User-Agent: [python-requests/2.13.0]
      X-Session-Token: [<secret-header>]
    method: GET
    uri: https://admin.pubnub.com/api/v1/blocks/key/246021/block
  response:
    body: {string: '{"message":"OK","payload":[],"status":200}'}
    headers:
      Cache-Control: ['no-cache, no-store', no-cache="set-cookie"]
      Cache-control: ['no-cache, no-store', no-cache="set-cookie"]
      Connection: [keep-alive]
      Content-Length: ['55']
      Content-Type: [application/json]
      Date: ['Wed, 29 Mar 2017 20:54:03 GMT']
      Expires: ['-1']
      Pragma: [no-cache]
    status: {code: 200, message: OK}
- request:
    body: '{"name": "Ansible Block.", "description": "No description provided for
      this block.", "block_id": -1, "key_id": 246021}'
    headers:
      Accept: [application/json]
      Accept-Encoding: ['gzip,deflate']
      Connection: [keep-alive]
      Content-Length: ['118']
      Content-Type: [application/json]
      User-Agent: [python-requests/2.13.0]
      X-Session-Token: [<secret-header>]
    method: POST
    uri: https://admin.pubnub.com/api/v1/blocks/key/246021/block
  response:
    body: {string: '{"error":true,"status":400,"payload":false,"message":"ERROR: Block
        name can only contain a-z, A-Z, 0-9, spaces and the - and _ characters"}'}
    headers:
      Cache-control: [no-cache="set-cookie"]
      Connection: [keep-alive]
      Content-Length: ['156']
      Content-Type: [application/json;charset=utf-8]
      Date: ['Wed, 29 Mar 2017 20:54:05 GMT']
    status: {code: 400, message: BAD REQUEST}
version: 1
